This is XeTeX, Version 3.141592653-2.6-0.999997 (MiKTeX 25.12) (preloaded format=xelatex 2026.4.15)  15 APR 2026 16:13
entering extended mode
 restricted \write18 enabled.
 %&-line parsing enabled.
**./_main.tex
(_main.tex
LaTeX2e <2025-11-01>
L3 programming layer <2025-12-24>
(C:\Users\RDEL1VMM\AppData\Local\Programs\MiKTeX\tex/latex/base\book.cls
Document Class: book 2025/01/22 v1.4n Standard LaTeX document class
(C:\Users\RDEL1VMM\AppData\Local\Programs\MiKTeX\tex/latex/base\bk10.clo
File: bk10.clo 2025/01/22 v1.4n Standard LaTeX file (size option)
)
\c@part=\count271
\c@chapter=\count272
\c@section=\count273
\c@subsection=\count274
\c@subsubsection=\count275
\c@paragraph=\count276
\c@subparagraph=\count277
\c@figure=\count278
\c@table=\count279
\abovecaptionskip=\skip49
\belowcaptionskip=\skip50
\bibindent=\dimen148
) (C:\Users\RDEL1VMM\AppData\Local\Programs\MiKTeX\tex/latex/xcolor\xcolor.sty
Package: xcolor 2024/09/29 v3.02 LaTeX color extensions (UK)

(C:\Users\RDEL1VMM\AppData\Local\Programs\MiKTeX\tex/latex/graphics-cfg\color.c
fg
File: color.cfg 2016/01/02 v1.6 sample color configuration
)
Package xcolor Info: Driver file: xetex.def on input line 274.

(C:\Users\RDEL1VMM\AppData\Local\Programs\MiKTeX\tex/latex/graphics-def\xetex.d
ef
File: xetex.def 2025/11/01 v5.0p Graphics/color driver for xetex
)
(C:\Users\RDEL1VMM\AppData\Local\Programs\MiKTeX\tex/latex/graphics\mathcolor.l
tx)
Package xcolor Info: Model `cmy' substituted by `cmy0' on input line 1349.
Package xcolor Info: Model `RGB' extended on input line 1365.
Package xcolor Info: Model `HTML' substituted by `rgb' on input line 1367.
Package xcolor Info: Model `Hsb' substituted by `hsb' on input line 1368.
Package xcolor Info: Model `tHsb' substituted by `hsb' on input line 1369.
Package xcolor Info: Model `HSB' substituted by `hsb' on input line 1370.
Package xcolor Info: Model `Gray' substituted by `gray' on input line 1371.
Package xcolor Info: Model `wave' substituted by `hsb' on input line 1372.
) (C:\Users\RDEL1VMM\AppData\Local\Programs\MiKTeX\tex/latex/amsmath\amsmath.st
y
Package: amsmath 2025/07/09 v2.17z AMS math features
\@mathmargin=\skip51
For additional information on amsmath, use the `?' option.
(C:\Users\RDEL1VMM\AppData\Local\Programs\MiKTeX\tex/latex/amsmath\amstext.sty
Package: amstext 2024/11/17 v2.01 AMS text
(C:\Users\RDEL1VMM\AppData\Local\Programs\MiKTeX\tex/latex/amsmath\amsgen.sty
File: amsgen.sty 1999/11/30 v2.0 generic functions
\@emptytoks=\toks17
\ex@=\dimen149
)) (C:\Users\RDEL1VMM\AppData\Local\Programs\MiKTeX\tex/latex/amsmath\amsbsy.st
y
Package: amsbsy 1999/11/29 v1.2d Bold Symbols
\pmbraise@=\dimen150
) (C:\Users\RDEL1VMM\AppData\Local\Programs\MiKTeX\tex/latex/amsmath\amsopn.sty
Package: amsopn 2022/04/08 v2.04 operator names
)
\inf@bad=\count280
LaTeX Info: Redefining \frac on input line 233.
\uproot@=\count281
\leftroot@=\count282
LaTeX Info: Redefining \overline on input line 398.
LaTeX Info: Redefining \colon on input line 409.
\classnum@=\count283
\DOTSCASE@=\count284
LaTeX Info: Redefining \ldots on input line 495.
LaTeX Info: Redefining \dots on input line 498.
LaTeX Info: Redefining \cdots on input line 619.
\Mathstrutbox@=\box53
\strutbox@=\box54
LaTeX Info: Redefining \big on input line 721.
LaTeX Info: Redefining \Big on input line 722.
LaTeX Info: Redefining \bigg on input line 723.
LaTeX Info: Redefining \Bigg on input line 724.
\big@size=\dimen151
LaTeX Font Info:    Redeclaring font encoding OML on input line 742.
LaTeX Font Info:    Redeclaring font encoding OMS on input line 743.
\macc@depth=\count285
LaTeX Info: Redefining \bmod on input line 904.
LaTeX Info: Redefining \pmod on input line 909.
LaTeX Info: Redefining \smash on input line 939.
LaTeX Info: Redefining \relbar on input line 969.
LaTeX Info: Redefining \Relbar on input line 970.
\c@MaxMatrixCols=\count286
\dotsspace@=\muskip17
\c@parentequation=\count287
\dspbrk@lvl=\count288
\tag@help=\toks18
\row@=\count289
\column@=\count290
\maxfields@=\count291
\andhelp@=\toks19
\eqnshift@=\dimen152
\alignsep@=\dimen153
\tagshift@=\dimen154
\tagwidth@=\dimen155
\totwidth@=\dimen156
\lineht@=\dimen157
\@envbody=\toks20
\multlinegap=\skip52
\multlinetaggap=\skip53
\mathdisplay@stack=\toks21
LaTeX Info: Redefining \[ on input line 2950.
LaTeX Info: Redefining \] on input line 2951.
)
(C:\Users\RDEL1VMM\AppData\Local\Programs\MiKTeX\tex/latex/amsfonts\amssymb.sty
Package: amssymb 2013/01/14 v3.01 AMS font symbols

(C:\Users\RDEL1VMM\AppData\Local\Programs\MiKTeX\tex/latex/amsfonts\amsfonts.st
y
Package: amsfonts 2013/01/14 v3.01 Basic AMSFonts support
\symAMSa=\mathgroup4
\symAMSb=\mathgroup5
LaTeX Font Info:    Redeclaring math symbol \hbar on input line 98.
LaTeX Font Info:    Overwriting math alphabet `\mathfrak' in version `bold'
(Font)                  U/euf/m/n --> U/euf/b/n on input line 106.
)) (C:\Users\RDEL1VMM\AppData\Local\Programs\MiKTeX\tex/generic/iftex\iftex.sty
Package: iftex 2024/12/12 v1.0g TeX engine tests
)
(C:\Users\RDEL1VMM\AppData\Local\Programs\MiKTeX\tex/latex/unicode-math\unicode
-math.sty (C:\Users\RDEL1VMM\AppData\Local\Programs\MiKTeX\tex/latex/l3kernel\e
xpl3.sty
Package: expl3 2025-12-24 L3 programming layer (loader) 

(C:\Users\RDEL1VMM\AppData\Local\Programs\MiKTeX\tex/latex/l3backend\l3backend-
xetex.def
File: l3backend-xetex.def 2025-10-09 L3 backend support: XeTeX
\g__graphics_track_int=\count292
\g__pdfannot_backend_int=\count293
\g__pdfannot_backend_link_int=\count294
))
Package: unicode-math 2023/08/13 v0.8r Unicode maths in XeLaTeX and LuaLaTeX

(C:\Users\RDEL1VMM\AppData\Local\Programs\MiKTeX\tex/latex/unicode-math\unicode
-math-xetex.sty
Package: unicode-math-xetex 2023/08/13 v0.8r Unicode maths in XeLaTeX and LuaLa
TeX

(C:\Users\RDEL1VMM\AppData\Local\Programs\MiKTeX\tex/latex/l3packages/xparse\xp
arse.sty
Package: xparse 2025-10-09 L3 Experimental document command parser
)
(C:\Users\RDEL1VMM\AppData\Local\Programs\MiKTeX\tex/latex/l3packages/l3keys2e\
l3keys2e.sty
Package: l3keys2e 2025-10-09 LaTeX2e option processing using LaTeX3 keys
)
(C:\Users\RDEL1VMM\AppData\Local\Programs\MiKTeX\tex/latex/fontspec\fontspec.st
y
Package: fontspec 2025/09/29 v2.9g Font selection for XeLaTeX and LuaLaTeX

(C:\Users\RDEL1VMM\AppData\Local\Programs\MiKTeX\tex/latex/fontspec\fontspec-xe
tex.sty
Package: fontspec-xetex 2025/09/29 v2.9g Font selection for XeLaTeX and LuaLaTe
X
\l__fontspec_script_int=\count295
\l__fontspec_language_int=\count296
\l__fontspec_strnum_int=\count297
\l__fontspec_tmp_int=\count298
\l__fontspec_tmpa_int=\count299
\l__fontspec_tmpb_int=\count300
\l__fontspec_tmpc_int=\count301
\l__fontspec_em_int=\count302
\l__fontspec_emdef_int=\count303
\l__fontspec_strong_int=\count304
\l__fontspec_strongdef_int=\count305
\l__fontspec_tmpa_dim=\dimen158
\l__fontspec_tmpb_dim=\dimen159
\l__fontspec_tmpc_dim=\dimen160
(C:\Users\RDEL1VMM\AppData\Local\Programs\MiKTeX\tex/latex/base\fontenc.sty
Package: fontenc 2025/07/18 v2.1d Standard LaTeX package
)
(C:\Users\RDEL1VMM\AppData\Local\Programs\MiKTeX\tex/latex/fontspec\fontspec.cf
g))) (C:\Users\RDEL1VMM\AppData\Local\Programs\MiKTeX\tex/latex/base\fix-cm.sty
Package: fix-cm 2020/11/24 v1.1t fixes to LaTeX
(C:\Users\RDEL1VMM\AppData\Local\Programs\MiKTeX\tex/latex/base\ts1enc.def
File: ts1enc.def 2001/06/05 v3.0e (jk/car/fm) Standard LaTeX file
LaTeX Font Info:    Redeclaring font encoding TS1 on input line 47.
LaTeX Encoding Info:    Redeclaring text command \capitalcedilla (encoding TS1)
 on input line 49.
LaTeX Encoding Info:    Redeclaring text command \capitalogonek (encoding TS1) 
on input line 52.
LaTeX Encoding Info:    Redeclaring text command \capitalgrave (encoding TS1) o
n input line 55.
LaTeX Encoding Info:    Redeclaring text command \capitalacute (encoding TS1) o
n input line 56.
LaTeX Encoding Info:    Redeclaring text command \capitalcircumflex (encoding T
S1) on input line 57.
LaTeX Encoding Info:    Redeclaring text command \capitaltilde (encoding TS1) o
n input line 58.
LaTeX Encoding Info:    Redeclaring text command \capitaldieresis (encoding TS1
) on input line 59.
LaTeX Encoding Info:    Redeclaring text command \capitalhungarumlaut (encoding
 TS1) on input line 60.
LaTeX Encoding Info:    Redeclaring text command \capitalring (encoding TS1) on
 input line 61.
LaTeX Encoding Info:    Redeclaring text command \capitalcaron (encoding TS1) o
n input line 62.
LaTeX Encoding Info:    Redeclaring text command \capitalbreve (encoding TS1) o
n input line 63.
LaTeX Encoding Info:    Redeclaring text command \capitalmacron (encoding TS1) 
on input line 64.
LaTeX Encoding Info:    Redeclaring text command \capitaldotaccent (encoding TS
1) on input line 65.
LaTeX Encoding Info:    Redeclaring text command \t (encoding TS1) on input lin
e 66.
LaTeX Encoding Info:    Redeclaring text command \capitaltie (encoding TS1) on 
input line 67.
LaTeX Encoding Info:    Redeclaring text command \newtie (encoding TS1) on inpu
t line 68.
LaTeX Encoding Info:    Redeclaring text command \capitalnewtie (encoding TS1) 
on input line 69.
LaTeX Encoding Info:    Redeclaring text symbol \textcapitalcompwordmark (encod
ing TS1) on input line 70.
LaTeX Encoding Info:    Redeclaring text symbol \textascendercompwordmark (enco
ding TS1) on input line 71.
LaTeX Encoding Info:    Redeclaring text symbol \textquotestraightbase (encodin
g TS1) on input line 72.
LaTeX Encoding Info:    Redeclaring text symbol \textquotestraightdblbase (enco
ding TS1) on input line 73.
LaTeX Encoding Info:    Redeclaring text symbol \texttwelveudash (encoding TS1)
 on input line 74.
LaTeX Encoding Info:    Redeclaring text symbol \textthreequartersemdash (encod
ing TS1) on input line 75.
LaTeX Encoding Info:    Redeclaring text symbol \textleftarrow (encoding TS1) o
n input line 76.
LaTeX Encoding Info:    Redeclaring text symbol \textrightarrow (encoding TS1) 
on input line 77.
LaTeX Encoding Info:    Redeclaring text symbol \textblank (encoding TS1) on in
put line 78.
LaTeX Encoding Info:    Redeclaring text symbol \textdollar (encoding TS1) on i
nput line 79.
LaTeX Encoding Info:    Redeclaring text symbol \textquotesingle (encoding TS1)
 on input line 80.
LaTeX Encoding Info:    Redeclaring text command \textasteriskcentered (encodin
g TS1) on input line 81.
LaTeX Encoding Info:    Redeclaring text symbol \textdblhyphen (encoding TS1) o
n input line 92.
LaTeX Encoding Info:    Redeclaring text symbol \textfractionsolidus (encoding 
TS1) on input line 93.
LaTeX Encoding Info:    Redeclaring text symbol \textzerooldstyle (encoding TS1
) on input line 94.
LaTeX Encoding Info:    Redeclaring text symbol \textoneoldstyle (encoding TS1)
 on input line 95.
LaTeX Encoding Info:    Redeclaring text symbol \texttwooldstyle (encoding TS1)
 on input line 96.
LaTeX Encoding Info:    Redeclaring text symbol \textthreeoldstyle (encoding TS
1) on input line 97.
LaTeX Encoding Info:    Redeclaring text symbol \textfouroldstyle (encoding TS1
) on input line 98.
LaTeX Encoding Info:    Redeclaring text symbol \textfiveoldstyle (encoding TS1
) on input line 99.
LaTeX Encoding Info:    Redeclaring text symbol \textsixoldstyle (encoding TS1)
 on input line 100.
LaTeX Encoding Info:    Redeclaring text symbol \textsevenoldstyle (encoding TS
1) on input line 101.
LaTeX Encoding Info:    Redeclaring text symbol \texteightoldstyle (encoding TS
1) on input line 102.
LaTeX Encoding Info:    Redeclaring text symbol \textnineoldstyle (encoding TS1
) on input line 103.
LaTeX Encoding Info:    Redeclaring text symbol \textlangle (encoding TS1) on i
nput line 104.
LaTeX Encoding Info:    Redeclaring text symbol \textminus (encoding TS1) on in
put line 105.
LaTeX Encoding Info:    Redeclaring text symbol \textrangle (encoding TS1) on i
nput line 106.
LaTeX Encoding Info:    Redeclaring text symbol \textmho (encoding TS1) on inpu
t line 107.
LaTeX Encoding Info:    Redeclaring text symbol \textbigcircle (encoding TS1) o
n input line 108.
LaTeX Encoding Info:    Redeclaring text command \textcircled (encoding TS1) on
 input line 109.
LaTeX Encoding Info:    Redeclaring text symbol \textohm (encoding TS1) on inpu
t line 115.
LaTeX Encoding Info:    Redeclaring text symbol \textlbrackdbl (encoding TS1) o
n input line 116.
LaTeX Encoding Info:    Redeclaring text symbol \textrbrackdbl (encoding TS1) o
n input line 117.
LaTeX Encoding Info:    Redeclaring text symbol \textuparrow (encoding TS1) on 
input line 118.
LaTeX Encoding Info:    Redeclaring text symbol \textdownarrow (encoding TS1) o
n input line 119.
LaTeX Encoding Info:    Redeclaring text symbol \textasciigrave (encoding TS1) 
on input line 120.
LaTeX Encoding Info:    Redeclaring text symbol \textborn (encoding TS1) on inp
ut line 121.
LaTeX Encoding Info:    Redeclaring text symbol \textdivorced (encoding TS1) on
 input line 122.
LaTeX Encoding Info:    Redeclaring text symbol \textdied (encoding TS1) on inp
ut line 123.
LaTeX Encoding Info:    Redeclaring text symbol \textleaf (encoding TS1) on inp
ut line 124.
LaTeX Encoding Info:    Redeclaring text symbol \textmarried (encoding TS1) on 
input line 125.
LaTeX Encoding Info:    Redeclaring text symbol \textmusicalnote (encoding TS1)
 on input line 126.
LaTeX Encoding Info:    Redeclaring text symbol \texttildelow (encoding TS1) on
 input line 127.
LaTeX Encoding Info:    Redeclaring text symbol \textdblhyphenchar (encoding TS
1) on input line 128.
LaTeX Encoding Info:    Redeclaring text symbol \textasciibreve (encoding TS1) 
on input line 129.
LaTeX Encoding Info:    Redeclaring text symbol \textasciicaron (encoding TS1) 
on input line 130.
LaTeX Encoding Info:    Redeclaring text symbol \textacutedbl (encoding TS1) on
 input line 131.
LaTeX Encoding Info:    Redeclaring text symbol \textgravedbl (encoding TS1) on
 input line 132.
LaTeX Encoding Info:    Redeclaring text symbol \textdagger (encoding TS1) on i
nput line 133.
LaTeX Encoding Info:    Redeclaring text symbol \textdaggerdbl (encoding TS1) o
n input line 134.
LaTeX Encoding Info:    Redeclaring text symbol \textbardbl (encoding TS1) on i
nput line 135.
LaTeX Encoding Info:    Redeclaring text symbol \textperthousand (encoding TS1)
 on input line 136.
LaTeX Encoding Info:    Redeclaring text symbol \textbullet (encoding TS1) on i
nput line 137.
LaTeX Encoding Info:    Redeclaring text symbol \textcelsius (encoding TS1) on 
input line 138.
LaTeX Encoding Info:    Redeclaring text symbol \textdollaroldstyle (encoding T
S1) on input line 139.
LaTeX Encoding Info:    Redeclaring text symbol \textcentoldstyle (encoding TS1
) on input line 140.
LaTeX Encoding Info:    Redeclaring text symbol \textflorin (encoding TS1) on i
nput line 141.
LaTeX Encoding Info:    Redeclaring text symbol \textcolonmonetary (encoding TS
1) on input line 142.
LaTeX Encoding Info:    Redeclaring text symbol \textwon (encoding TS1) on inpu
t line 143.
LaTeX Encoding Info:    Redeclaring text symbol \textnaira (encoding TS1) on in
put line 144.
LaTeX Encoding Info:    Redeclaring text symbol \textguarani (encoding TS1) on 
input line 145.
LaTeX Encoding Info:    Redeclaring text symbol \textpeso (encoding TS1) on inp
ut line 146.
LaTeX Encoding Info:    Redeclaring text symbol \textlira (encoding TS1) on inp
ut line 147.
LaTeX Encoding Info:    Redeclaring text symbol \textrecipe (encoding TS1) on i
nput line 148.
LaTeX Encoding Info:    Redeclaring text symbol \textinterrobang (encoding TS1)
 on input line 149.
LaTeX Encoding Info:    Redeclaring text symbol \textinterrobangdown (encoding 
TS1) on input line 150.
LaTeX Encoding Info:    Redeclaring text symbol \textdong (encoding TS1) on inp
ut line 151.
LaTeX Encoding Info:    Redeclaring text symbol \texttrademark (encoding TS1) o
n input line 152.
LaTeX Encoding Info:    Redeclaring text symbol \textpertenthousand (encoding T
S1) on input line 153.
LaTeX Encoding Info:    Redeclaring text symbol \textpilcrow (encoding TS1) on 
input line 154.
LaTeX Encoding Info:    Redeclaring text symbol \textbaht (encoding TS1) on inp
ut line 155.
LaTeX Encoding Info:    Redeclaring text symbol \textnumero (encoding TS1) on i
nput line 156.
LaTeX Encoding Info:    Redeclaring text symbol \textdiscount (encoding TS1) on
 input line 157.
LaTeX Encoding Info:    Redeclaring text symbol \textestimated (encoding TS1) o
n input line 158.
LaTeX Encoding Info:    Redeclaring text symbol \textopenbullet (encoding TS1) 
on input line 159.
LaTeX Encoding Info:    Redeclaring text symbol \textservicemark (encoding TS1)
 on input line 160.
LaTeX Encoding Info:    Redeclaring text symbol \textlquill (encoding TS1) on i
nput line 161.
LaTeX Encoding Info:    Redeclaring text symbol \textrquill (encoding TS1) on i
nput line 162.
LaTeX Encoding Info:    Redeclaring text symbol \textcent (encoding TS1) on inp
ut line 163.
LaTeX Encoding Info:    Redeclaring text symbol \textsterling (encoding TS1) on
 input line 164.
LaTeX Encoding Info:    Redeclaring text symbol \textcurrency (encoding TS1) on
 input line 165.
LaTeX Encoding Info:    Redeclaring text symbol \textyen (encoding TS1) on inpu
t line 166.
LaTeX Encoding Info:    Redeclaring text symbol \textbrokenbar (encoding TS1) o
n input line 167.
LaTeX Encoding Info:    Redeclaring text symbol \textsection (encoding TS1) on 
input line 168.
LaTeX Encoding Info:    Redeclaring text symbol \textasciidieresis (encoding TS
1) on input line 169.
LaTeX Encoding Info:    Redeclaring text symbol \textcopyright (encoding TS1) o
n input line 170.
LaTeX Encoding Info:    Redeclaring text symbol \textordfeminine (encoding TS1)
 on input line 171.
LaTeX Encoding Info:    Redeclaring text symbol \textcopyleft (encoding TS1) on
 input line 172.
LaTeX Encoding Info:    Redeclaring text symbol \textlnot (encoding TS1) on inp
ut line 173.
LaTeX Encoding Info:    Redeclaring text symbol \textcircledP (encoding TS1) on
 input line 174.
LaTeX Encoding Info:    Redeclaring text symbol \textregistered (encoding TS1) 
on input line 175.
LaTeX Encoding Info:    Redeclaring text symbol \textasciimacron (encoding TS1)
 on input line 176.
LaTeX Encoding Info:    Redeclaring text symbol \textdegree (encoding TS1) on i
nput line 177.
LaTeX Encoding Info:    Redeclaring text symbol \textpm (encoding TS1) on input
 line 178.
LaTeX Encoding Info:    Redeclaring text symbol \texttwosuperior (encoding TS1)
 on input line 179.
LaTeX Encoding Info:    Redeclaring text symbol \textthreesuperior (encoding TS
1) on input line 180.
LaTeX Encoding Info:    Redeclaring text symbol \textasciiacute (encoding TS1) 
on input line 181.
LaTeX Encoding Info:    Redeclaring text symbol \textmu (encoding TS1) on input
 line 182.
LaTeX Encoding Info:    Redeclaring text symbol \textparagraph (encoding TS1) o
n input line 183.
LaTeX Encoding Info:    Redeclaring text symbol \textperiodcentered (encoding T
S1) on input line 184.
LaTeX Encoding Info:    Redeclaring text symbol \textreferencemark (encoding TS
1) on input line 185.
LaTeX Encoding Info:    Redeclaring text symbol \textonesuperior (encoding TS1)
 on input line 186.
LaTeX Encoding Info:    Redeclaring text symbol \textordmasculine (encoding TS1
) on input line 187.
LaTeX Encoding Info:    Redeclaring text symbol \textsurd (encoding TS1) on inp
ut line 188.
LaTeX Encoding Info:    Redeclaring text symbol \textonequarter (encoding TS1) 
on input line 189.
LaTeX Encoding Info:    Redeclaring text symbol \textonehalf (encoding TS1) on 
input line 190.
LaTeX Encoding Info:    Redeclaring text symbol \textthreequarters (encoding TS
1) on input line 191.
LaTeX Encoding Info:    Redeclaring text symbol \texteuro (encoding TS1) on inp
ut line 192.
LaTeX Encoding Info:    Redeclaring text symbol \texttimes (encoding TS1) on in
put line 193.
LaTeX Encoding Info:    Redeclaring text symbol \textdiv (encoding TS1) on inpu
t line 194.
))
\g__um_fam_int=\count306
\g__um_fonts_used_int=\count307
\l__um_primecount_int=\count308
\g__um_primekern_muskip=\muskip18

(C:\Users\RDEL1VMM\AppData\Local\Programs\MiKTeX\tex/latex/unicode-math\unicode
-math-table.tex))) (C:\Users\RDEL1VMM\AppData\Local\Programs\MiKTeX\tex/latex/l
m\lmodern.sty
Package: lmodern 2015/05/01 v1.6.1 Latin Modern Fonts
LaTeX Font Info:    Overwriting symbol font `operators' in version `normal'
(Font)                  OT1/cmr/m/n --> OT1/lmr/m/n on input line 22.
LaTeX Font Info:    Overwriting symbol font `letters' in version `normal'
(Font)                  OML/cmm/m/it --> OML/lmm/m/it on input line 23.
LaTeX Font Info:    Overwriting symbol font `symbols' in version `normal'
(Font)                  OMS/cmsy/m/n --> OMS/lmsy/m/n on input line 24.
LaTeX Font Info:    Overwriting symbol font `largesymbols' in version `normal'
(Font)                  OMX/cmex/m/n --> OMX/lmex/m/n on input line 25.
LaTeX Font Info:    Overwriting symbol font `operators' in version `bold'
(Font)                  OT1/cmr/bx/n --> OT1/lmr/bx/n on input line 26.
LaTeX Font Info:    Overwriting symbol font `letters' in version `bold'
(Font)                  OML/cmm/b/it --> OML/lmm/b/it on input line 27.
LaTeX Font Info:    Overwriting symbol font `symbols' in version `bold'
(Font)                  OMS/cmsy/b/n --> OMS/lmsy/b/n on input line 28.
LaTeX Font Info:    Overwriting symbol font `largesymbols' in version `bold'
(Font)                  OMX/cmex/m/n --> OMX/lmex/m/n on input line 29.
LaTeX Font Info:    Overwriting math alphabet `\mathbf' in version `normal'
(Font)                  OT1/cmr/bx/n --> OT1/lmr/bx/n on input line 31.
LaTeX Font Info:    Overwriting math alphabet `\mathsf' in version `normal'
(Font)                  OT1/cmss/m/n --> OT1/lmss/m/n on input line 32.
LaTeX Font Info:    Overwriting math alphabet `\mathit' in version `normal'
(Font)                  OT1/cmr/m/it --> OT1/lmr/m/it on input line 33.
LaTeX Font Info:    Overwriting math alphabet `\mathtt' in version `normal'
(Font)                  OT1/cmtt/m/n --> OT1/lmtt/m/n on input line 34.
LaTeX Font Info:    Overwriting math alphabet `\mathbf' in version `bold'
(Font)                  OT1/cmr/bx/n --> OT1/lmr/bx/n on input line 35.
LaTeX Font Info:    Overwriting math alphabet `\mathsf' in version `bold'
(Font)                  OT1/cmss/bx/n --> OT1/lmss/bx/n on input line 36.
LaTeX Font Info:    Overwriting math alphabet `\mathit' in version `bold'
(Font)                  OT1/cmr/bx/it --> OT1/lmr/bx/it on input line 37.
LaTeX Font Info:    Overwriting math alphabet `\mathtt' in version `bold'
(Font)                  OT1/cmtt/m/n --> OT1/lmtt/m/n on input line 38.
) (C:\Users\RDEL1VMM\AppData\Local\Programs\MiKTeX\tex/latex/upquote\upquote.st
y
Package: upquote 2012/04/19 v1.3 upright-quote and grave-accent glyphs in verba
tim
(C:\Users\RDEL1VMM\AppData\Local\Programs\MiKTeX\tex/latex/base\textcomp.sty
Package: textcomp 2024/04/24 v2.1b Standard LaTeX package
))
(C:\Users\RDEL1VMM\AppData\Local\Programs\MiKTeX\tex/latex/microtype\microtype.
sty
Package: microtype 2026/03/01 v3.2d Micro-typographical refinements (RS)
(C:\Users\RDEL1VMM\AppData\Local\Programs\MiKTeX\tex/latex/graphics\keyval.sty
Package: keyval 2022/05/29 v1.15 key=value parser (DPC)
\KV@toks@=\toks22
)
(C:\Users\RDEL1VMM\AppData\Local\Programs\MiKTeX\tex/latex/etoolbox\etoolbox.st
y
Package: etoolbox 2025/10/02 v2.5m e-TeX tools for LaTeX (JAW)
\etb@tempcnta=\count309
)
\MT@toks=\toks23
\MT@tempbox=\box55
\MT@count=\count310
LaTeX Info: Redefining \noprotrusionifhmode on input line 1084.
LaTeX Info: Redefining \leftprotrusion on input line 1085.
\MT@prot@toks=\toks24
LaTeX Info: Redefining \rightprotrusion on input line 1104.
LaTeX Info: Redefining \textls on input line 1449.
\MT@outer@kern=\dimen161
LaTeX Info: Redefining \microtypecontext on input line 2053.
LaTeX Info: Redefining \textmicrotypecontext on input line 2070.
\MT@listname@count=\count311

(C:\Users\RDEL1VMM\AppData\Local\Programs\MiKTeX\tex/latex/microtype\microtype-
xetex.def
File: microtype-xetex.def 2026/03/01 v3.2d Definitions specific to xetex (RS)
LaTeX Info: Redefining \lsstyle on input line 443.
LaTeX Info: Redefining \lslig on input line 451.
\MT@outer@space=\skip54
)
Package microtype Info: Loading configuration file microtype.cfg.

(C:\Users\RDEL1VMM\AppData\Local\Programs\MiKTeX\tex/latex/microtype\microtype.
cfg
File: microtype.cfg 2026/03/01 v3.2d microtype main configuration file (RS)
)
LaTeX Info: Redefining \microtypesetup on input line 3065.
) (C:\Users\RDEL1VMM\AppData\Local\Programs\MiKTeX\tex/latex/parskip\parskip.st
y
Package: parskip 2021-03-14 v2.0h non-zero parskip adjustments

(C:\Users\RDEL1VMM\AppData\Local\Programs\MiKTeX\tex/latex/kvoptions\kvoptions.
sty
Package: kvoptions 2022-06-15 v3.15 Key value format for package options (HO)

(C:\Users\RDEL1VMM\AppData\Local\Programs\MiKTeX\tex/generic/ltxcmds\ltxcmds.st
y
Package: ltxcmds 2023-12-04 v1.26 LaTeX kernel commands for general use (HO)
)
(C:\Users\RDEL1VMM\AppData\Local\Programs\MiKTeX\tex/latex/kvsetkeys\kvsetkeys.
sty
Package: kvsetkeys 2022-10-05 v1.19 Key value parser (HO)
)))
(C:\Users\RDEL1VMM\AppData\Local\Programs\MiKTeX\tex/latex/fancyvrb\fancyvrb.st
y
Package: fancyvrb 2025/07/28 4.6 verbatim text (tvz,hv)
\FV@CodeLineNo=\count312
\FV@InFile=\read2
\FV@TabBox=\box56
\c@FancyVerbLine=\count313
\FV@StepNumber=\count314
\FV@OutFile=\write3
) (C:\Users\RDEL1VMM\AppData\Local\Programs\MiKTeX\tex/latex/framed\framed.sty
Package: framed 2011/10/22 v 0.96: framed or shaded text with page breaks
\OuterFrameSep=\skip55
\fb@frw=\dimen162
\fb@frh=\dimen163
\FrameRule=\dimen164
\FrameSep=\dimen165
) (C:\Users\RDEL1VMM\AppData\Local\Programs\MiKTeX\tex/latex/tools\longtable.st
y
Package: longtable 2025-10-13 v4.24 Multi-page Table package (DPC)
\LTleft=\skip56
\LTright=\skip57
\LTpre=\skip58
\LTpost=\skip59
\LTchunksize=\count315
\LTcapwidth=\dimen166
\LT@head=\box57
\LT@firsthead=\box58
\LT@foot=\box59
\LT@lastfoot=\box60
\LT@gbox=\box61
\LT@cols=\count316
\LT@rows=\count317
\c@LT@tables=\count318
\c@LT@chunks=\count319
\LT@p@ftn=\toks25
)
(C:\Users\RDEL1VMM\AppData\Local\Programs\MiKTeX\tex/latex/booktabs\booktabs.st
y
Package: booktabs 2020/01/12 v1.61803398 Publication quality tables
\heavyrulewidth=\dimen167
\lightrulewidth=\dimen168
\cmidrulewidth=\dimen169
\belowrulesep=\dimen170
\belowbottomsep=\dimen171
\aboverulesep=\dimen172
\abovetopsep=\dimen173
\cmidrulesep=\dimen174
\cmidrulekern=\dimen175
\defaultaddspace=\dimen176
\@cmidla=\count320
\@cmidlb=\count321
\@aboverulesep=\dimen177
\@belowrulesep=\dimen178
\@thisruleclass=\count322
\@lastruleclass=\count323
\@thisrulewidth=\dimen179
) (C:\Users\RDEL1VMM\AppData\Local\Programs\MiKTeX\tex/latex/tools\array.sty
Package: array 2025/09/25 v2.6n Tabular extension package (FMi)
\col@sep=\dimen180
\ar@mcellbox=\box62
\extrarowheight=\dimen181
\NC@list=\toks26
\extratabsurround=\skip60
\backup@length=\skip61
\ar@cellbox=\box63
) (C:\Users\RDEL1VMM\AppData\Local\Programs\MiKTeX\tex/latex/tools\calc.sty
Package: calc 2025/03/01 v4.3b Infix arithmetic (KKT,FJ)
\calc@Acount=\count324
\calc@Bcount=\count325
\calc@Adimen=\dimen182
\calc@Bdimen=\dimen183
\calc@Askip=\skip62
\calc@Bskip=\skip63
LaTeX Info: Redefining \setlength on input line 86.
LaTeX Info: Redefining \addtolength on input line 87.
\calc@Ccount=\count326
\calc@Cskip=\skip64
)
(C:\Users\RDEL1VMM\AppData\Local\Programs\MiKTeX\tex/latex/footnotehyper\footno
tehyper.sty
Package: footnotehyper 2025/11/15 v1.1f hyperref aware footnote.sty (JFB)
\FNH@notes=\box64
\FNH@width=\dimen184
\FNH@toks=\toks27
)
(C:\Users\RDEL1VMM\AppData\Local\Programs\MiKTeX\tex/latex/graphics\graphicx.st
y
Package: graphicx 2024/12/31 v1.2e Enhanced LaTeX Graphics (DPC,SPQR)

(C:\Users\RDEL1VMM\AppData\Local\Programs\MiKTeX\tex/latex/graphics\graphics.st
y
Package: graphics 2024/08/06 v1.4g Standard LaTeX Graphics (DPC,SPQR)
(C:\Users\RDEL1VMM\AppData\Local\Programs\MiKTeX\tex/latex/graphics\trig.sty
Package: trig 2023/12/02 v1.11 sin cos tan (DPC)
)
(C:\Users\RDEL1VMM\AppData\Local\Programs\MiKTeX\tex/latex/graphics-cfg\graphic
s.cfg
File: graphics.cfg 2016/06/04 v1.11 sample graphics configuration
)
Package graphics Info: Driver file: xetex.def on input line 106.
)
\Gin@req@height=\dimen185
\Gin@req@width=\dimen186
)
\pandoc@box=\box65
(C:\Users\RDEL1VMM\AppData\Local\Programs\MiKTeX\tex/latex/natbib\natbib.sty
Package: natbib 2010/09/13 8.31b (PWD, AO)
\bibhang=\skip65
\bibsep=\skip66
LaTeX Info: Redefining \cite on input line 694.
\c@NAT@ctr=\count327
)
(C:\Users\RDEL1VMM\AppData\Local\Programs\MiKTeX\tex/latex/bookmark\bookmark.st
y
Package: bookmark 2023-12-10 v1.31 PDF bookmarks (HO)

(C:\Users\RDEL1VMM\AppData\Local\Programs\MiKTeX\tex/latex/hyperref\hyperref.st
y
Package: hyperref 2025-07-12 v7.01o Hypertext links for LaTeX

(C:\Users\RDEL1VMM\AppData\Local\Programs\MiKTeX\tex/generic/kvdefinekeys\kvdef
inekeys.sty
Package: kvdefinekeys 2019-12-19 v1.6 Define keys (HO)
)
(C:\Users\RDEL1VMM\AppData\Local\Programs\MiKTeX\tex/generic/pdfescape\pdfescap
e.sty
Package: pdfescape 2019/12/09 v1.15 Implements pdfTeX's escape features (HO)

(C:\Users\RDEL1VMM\AppData\Local\Programs\MiKTeX\tex/generic/pdftexcmds\pdftexc
mds.sty
Package: pdftexcmds 2020-06-27 v0.33 Utility functions of pdfTeX for LuaTeX (HO
)

(C:\Users\RDEL1VMM\AppData\Local\Programs\MiKTeX\tex/generic/infwarerr\infwarer
r.sty
Package: infwarerr 2019/12/03 v1.5 Providing info/warning/error messages (HO)
)
Package pdftexcmds Info: \pdf@primitive is available.
Package pdftexcmds Info: \pdf@ifprimitive is available.
Package pdftexcmds Info: \pdfdraftmode not found.
)) (C:\Users\RDEL1VMM\AppData\Local\Programs\MiKTeX\tex/latex/hycolor\hycolor.s
ty
Package: hycolor 2020-01-27 v1.10 Color options for hyperref/bookmark (HO)
)
(C:\Users\RDEL1VMM\AppData\Local\Programs\MiKTeX\tex/latex/hyperref\nameref.sty
Package: nameref 2025-06-21 v2.57 Cross-referencing by name of section

(C:\Users\RDEL1VMM\AppData\Local\Programs\MiKTeX\tex/latex/refcount\refcount.st
y
Package: refcount 2019/12/15 v3.6 Data extraction from label references (HO)
)
(C:\Users\RDEL1VMM\AppData\Local\Programs\MiKTeX\tex/generic/gettitlestring\get
titlestring.sty
Package: gettitlestring 2019/12/15 v1.6 Cleanup title references (HO)
)
\c@section@level=\count328
)
(C:\Users\RDEL1VMM\AppData\Local\Programs\MiKTeX\tex/generic/stringenc\stringen
c.sty
Package: stringenc 2019/11/29 v1.12 Convert strings between diff. encodings (HO
)
)
\@linkdim=\dimen187
\Hy@linkcounter=\count329
\Hy@pagecounter=\count330
(C:\Users\RDEL1VMM\AppData\Local\Programs\MiKTeX\tex/latex/hyperref\pd1enc.def
File: pd1enc.def 2025-07-12 v7.01o Hyperref: PDFDocEncoding definition (HO)
)
(C:\Users\RDEL1VMM\AppData\Local\Programs\MiKTeX\tex/generic/intcalc\intcalc.st
y
Package: intcalc 2019/12/15 v1.3 Expandable calculations with integers (HO)
)
\Hy@SavedSpaceFactor=\count331
(C:\Users\RDEL1VMM\AppData\Local\Programs\MiKTeX\tex/latex/hyperref\puenc.def
File: puenc.def 2025-07-12 v7.01o Hyperref: PDF Unicode definition (HO)
)
Package hyperref Info: Option `unicode' set `true' on input line 4066.
Package hyperref Info: Hyper figures OFF on input line 4195.
Package hyperref Info: Link nesting OFF on input line 4200.
Package hyperref Info: Hyper index ON on input line 4203.
Package hyperref Info: Plain pages OFF on input line 4210.
Package hyperref Info: Backreferencing OFF on input line 4215.
Package hyperref Info: Implicit mode ON; LaTeX internals redefined.
Package hyperref Info: Bookmarks ON on input line 4462.
\c@Hy@tempcnt=\count332
(C:\Users\RDEL1VMM\AppData\Local\Programs\MiKTeX\tex/latex/url\url.sty
\Urlmuskip=\muskip19
Package: url 2013/09/16  ver 3.4  Verb mode for urls, etc.
)
LaTeX Info: Redefining \url on input line 4801.
\XeTeXLinkMargin=\dimen188
(C:\Users\RDEL1VMM\AppData\Local\Programs\MiKTeX\tex/generic/bitset\bitset.sty
Package: bitset 2019/12/09 v1.3 Handle bit-vector datatype (HO)

(C:\Users\RDEL1VMM\AppData\Local\Programs\MiKTeX\tex/generic/bigintcalc\bigintc
alc.sty
Package: bigintcalc 2019/12/15 v1.5 Expandable calculations on big integers (HO
)
))
\Fld@menulength=\count333
\Field@Width=\dimen189
\Fld@charsize=\dimen190
Package hyperref Info: Hyper figures OFF on input line 6078.
Package hyperref Info: Link nesting OFF on input line 6083.
Package hyperref Info: Hyper index ON on input line 6086.
Package hyperref Info: backreferencing OFF on input line 6093.
Package hyperref Info: Link coloring OFF on input line 6098.
Package hyperref Info: Link coloring with OCG OFF on input line 6103.
Package hyperref Info: PDF/A mode OFF on input line 6108.
\Hy@abspage=\count334
\c@Item=\count335
\c@Hfootnote=\count336
)
Package hyperref Info: Driver (autodetected): hxetex.
(C:\Users\RDEL1VMM\AppData\Local\Programs\MiKTeX\tex/latex/hyperref\hxetex.def
File: hxetex.def 2025-07-12 v7.01o Hyperref driver for XeTeX
\pdfm@box=\box66
\c@Hy@AnnotLevel=\count337
\HyField@AnnotCount=\count338
\Fld@listcount=\count339
\c@bookmark@seq@number=\count340

(C:\Users\RDEL1VMM\AppData\Local\Programs\MiKTeX\tex/latex/rerunfilecheck\rerun
filecheck.sty
Package: rerunfilecheck 2025-06-21 v1.11 Rerun checks for auxiliary files (HO)

(C:\Users\RDEL1VMM\AppData\Local\Programs\MiKTeX\tex/generic/uniquecounter\uniq
uecounter.sty
Package: uniquecounter 2019/12/15 v1.4 Provide unlimited unique counter (HO)
)
Package uniquecounter Info: New unique counter `rerunfilecheck' on input line 2
84.
)
\Hy@SectionHShift=\skip67
)
(C:\Users\RDEL1VMM\AppData\Local\Programs\MiKTeX\tex/latex/bookmark\bkm-dvipdfm
.def
File: bkm-dvipdfm.def 2023-12-10 v1.31 bookmark driver for dvipdfm (HO)
\BKM@id=\count341
)) (C:\Users\RDEL1VMM\AppData\Local\Programs\MiKTeX\tex/latex/xurl\xurl.sty
Package: xurl 2022/01/09 v 0.10 modify URL breaks
)
No file _main.aux.
\openout1 = `_main.aux'.

LaTeX Font Info:    Checking defaults for OML/cmm/m/it on input line 124.
LaTeX Font Info:    ... okay on input line 124.
LaTeX Font Info:    Checking defaults for OMS/cmsy/m/n on input line 124.
LaTeX Font Info:    ... okay on input line 124.
LaTeX Font Info:    Checking defaults for OT1/cmr/m/n on input line 124.
LaTeX Font Info:    ... okay on input line 124.
LaTeX Font Info:    Checking defaults for T1/cmr/m/n on input line 124.
LaTeX Font Info:    ... okay on input line 124.
LaTeX Font Info:    Checking defaults for TS1/cmr/m/n on input line 124.
LaTeX Font Info:    ... okay on input line 124.
LaTeX Font Info:    Checking defaults for TU/lmr/m/n on input line 124.
LaTeX Font Info:    ... okay on input line 124.
LaTeX Font Info:    Checking defaults for OMX/cmex/m/n on input line 124.
LaTeX Font Info:    ... okay on input line 124.
LaTeX Font Info:    Checking defaults for U/cmr/m/n on input line 124.
LaTeX Font Info:    ... okay on input line 124.
LaTeX Font Info:    Checking defaults for PD1/pdf/m/n on input line 124.
LaTeX Font Info:    ... okay on input line 124.
LaTeX Font Info:    Checking defaults for PU/pdf/m/n on input line 124.
LaTeX Font Info:    ... okay on input line 124.
LaTeX Font Info:    Overwriting math alphabet `\mathrm' in version `normal'
(Font)                  OT1/lmr/m/n --> TU/lmr/m/n on input line 124.
LaTeX Font Info:    Overwriting math alphabet `\mathit' in version `normal'
(Font)                  OT1/lmr/m/it --> TU/lmr/m/it on input line 124.
LaTeX Font Info:    Overwriting math alphabet `\mathbf' in version `normal'
(Font)                  OT1/lmr/bx/n --> TU/lmr/bx/n on input line 124.
LaTeX Font Info:    Overwriting math alphabet `\mathsf' in version `normal'
(Font)                  OT1/lmss/m/n --> TU/lmss/m/n on input line 124.
LaTeX Font Info:    Overwriting math alphabet `\mathsf' in version `bold'
(Font)                  OT1/lmss/bx/n --> TU/lmss/bx/n on input line 124.
LaTeX Font Info:    Overwriting math alphabet `\mathtt' in version `normal'
(Font)                  OT1/lmtt/m/n --> TU/lmtt/m/n on input line 124.
LaTeX Font Info:    Overwriting math alphabet `\mathtt' in version `bold'
(Font)                  OT1/lmtt/m/n --> TU/lmtt/bx/n on input line 124.

Package fontspec Info: 
(fontspec)             latinmodern-math scale = 0.9999964596882403.


Package fontspec Info: 
(fontspec)             latinmodern-math scale = 0.9999964596882403.


Package fontspec Info: 
(fontspec)             latinmodern-math scale = 0.9999964596882403.


Package fontspec Info: 
(fontspec)             Font family 'latinmodern-math.otf(0)' created for font
(fontspec)             'latinmodern-math.otf' with options
(fontspec)             [Scale=MatchLowercase,BoldItalicFont={},ItalicFont={},Sm
allCapsFont={},Script=Math,BoldFont={latinmodern-math.otf}].
(fontspec)              
(fontspec)              This font family consists of the following NFSS
(fontspec)             series/shapes:
(fontspec)              
(fontspec)             - 'normal' (m/n) with NFSS spec.:
(fontspec)             <->s*[0.9999964596882403]"[latinmodern-math.otf]/OT:scri
pt=math;language=dflt;"
(fontspec)             - 'bold' (b/n) with NFSS spec.:
(fontspec)             <->s*[0.9999964596882403]"[latinmodern-math.otf]/OT:scri
pt=math;language=dflt;"

LaTeX Font Info:    Font shape `TU/latinmodern-math.otf(0)/m/n' will be
(Font)              scaled to size 10.0pt on input line 124.

Package fontspec Info: 
(fontspec)             latinmodern-math scale = 0.9999964596882403.


Package fontspec Info: 
(fontspec)             latinmodern-math scale = 0.9999964596882403.


Package fontspec Info: 
(fontspec)             latinmodern-math scale = 0.9999964596882403.


Package fontspec Info: 
(fontspec)             latinmodern-math scale = 0.9999964596882403.


Package fontspec Info: 
(fontspec)             latinmodern-math scale = 0.9999964596882403.


Package fontspec Info: 
(fontspec)             Font family 'latinmodern-math.otf(1)' created for font
(fontspec)             'latinmodern-math.otf' with options
(fontspec)             [Scale=MatchLowercase,BoldItalicFont={},ItalicFont={},Sm
allCapsFont={},Script=Math,SizeFeatures={{Size=8.5-},{Size=6-8.5,Font=latinmode
rn-math.otf,Style=MathScript},{Size=-6,Font=latinmodern-math.otf,Style=MathScri
ptScript}},BoldFont={latinmodern-math.otf}].
(fontspec)              
(fontspec)              This font family consists of the following NFSS
(fontspec)             series/shapes:
(fontspec)              
(fontspec)             - 'normal' (m/n) with NFSS spec.:
(fontspec)             <8.5->s*[0.9999964596882403]"[latinmodern-math.otf]/OT:s
cript=math;language=dflt;"<6-8.5>s*[0.9999964596882403]"[latinmodern-math.otf]/
OT:script=math;language=dflt;+ssty=0;"<-6>s*[0.9999964596882403]"[latinmodern-m
ath.otf]/OT:script=math;language=dflt;+ssty=1;"
(fontspec)             - 'bold' (b/n) with NFSS spec.:
(fontspec)             <->s*[0.9999964596882403]"[latinmodern-math.otf]/OT:scri
pt=math;language=dflt;"

LaTeX Font Info:    Font shape `TU/latinmodern-math.otf(1)/m/n' will be
(Font)              scaled to size 10.0pt on input line 124.
LaTeX Font Info:    Encoding `OT1' has changed to `TU' for symbol font
(Font)              `operators' in the math version `normal' on input line 124.

LaTeX Font Info:    Overwriting symbol font `operators' in version `normal'
(Font)                  OT1/lmr/m/n --> TU/latinmodern-math.otf(1)/m/n on input
 line 124.
LaTeX Font Info:    Encoding `OT1' has changed to `TU' for symbol font
(Font)              `operators' in the math version `bold' on input line 124.
LaTeX Font Info:    Overwriting symbol font `operators' in version `bold'
(Font)                  OT1/lmr/bx/n --> TU/latinmodern-math.otf(1)/b/n on inpu
t line 124.

Package fontspec Info: 
(fontspec)             latinmodern-math scale = 0.9999964596882403.


Package fontspec Info: 
(fontspec)             latinmodern-math scale = 1.000096459334209.


Package fontspec Info: 
(fontspec)             latinmodern-math scale = 0.9999964596882403.


Package fontspec Info: 
(fontspec)             latinmodern-math scale = 1.000096459334209.


Package fontspec Info: 
(fontspec)             latinmodern-math scale = 0.9999964596882403.


Package fontspec Info: 
(fontspec)             latinmodern-math scale = 1.000096459334209.


Package fontspec Info: 
(fontspec)             latinmodern-math scale = 0.9999964596882403.


Package fontspec Info: 
(fontspec)             latinmodern-math scale = 1.000096459334209.


Package fontspec Info: 
(fontspec)             latinmodern-math scale = 0.9999964596882403.


Package fontspec Info: 
(fontspec)             latinmodern-math scale = 1.000096459334209.


Package fontspec Info: 
(fontspec)             Font family 'latinmodern-math.otf(2)' created for font
(fontspec)             'latinmodern-math.otf' with options
(fontspec)             [Scale=MatchLowercase,BoldItalicFont={},ItalicFont={},Sm
allCapsFont={},Script=Math,SizeFeatures={{Size=8.5-},{Size=6-8.5,Font=latinmode
rn-math.otf,Style=MathScript},{Size=-6,Font=latinmodern-math.otf,Style=MathScri
ptScript}},BoldFont={latinmodern-math.otf},ScaleAgain=1.0001,FontAdjustment={\f
ontdimen
(fontspec)             8\font =6.77pt\relax \fontdimen 9\font =3.94pt\relax
(fontspec)             \fontdimen 10\font =4.44pt\relax \fontdimen 11\font
(fontspec)             =6.86pt\relax \fontdimen 12\font =3.45pt\relax
(fontspec)             \fontdimen 13\font =3.63pt\relax \fontdimen 14\font
(fontspec)             =3.63pt\relax \fontdimen 15\font =2.89pt\relax
(fontspec)             \fontdimen 16\font =2.47pt\relax \fontdimen 17\font
(fontspec)             =2.47pt\relax \fontdimen 18\font =2.5pt\relax
(fontspec)             \fontdimen 19\font =2.0pt\relax \fontdimen 22\font
(fontspec)             =2.5pt\relax \fontdimen 20\font =0pt\relax \fontdimen
(fontspec)             21\font =0pt\relax }].
(fontspec)              
(fontspec)              This font family consists of the following NFSS
(fontspec)             series/shapes:
(fontspec)              
(fontspec)             - 'normal' (m/n) with NFSS spec.:
(fontspec)             <8.5->s*[1.000096459334209]"[latinmodern-math.otf]/OT:sc
ript=math;language=dflt;"<6-8.5>s*[1.000096459334209]"[latinmodern-math.otf]/OT
:script=math;language=dflt;+ssty=0;"<-6>s*[1.000096459334209]"[latinmodern-math
.otf]/OT:script=math;language=dflt;+ssty=1;"
(fontspec)             - 'bold' (b/n) with NFSS spec.:
(fontspec)             <->s*[1.000096459334209]"[latinmodern-math.otf]/OT:scrip
t=math;language=dflt;"

LaTeX Font Info:    Encoding `OMS' has changed to `TU' for symbol font
(Font)              `symbols' in the math version `normal' on input line 124.
LaTeX Font Info:    Overwriting symbol font `symbols' in version `normal'
(Font)                  OMS/lmsy/m/n --> TU/latinmodern-math.otf(2)/m/n on inpu
t line 124.
LaTeX Font Info:    Encoding `OMS' has changed to `TU' for symbol font
(Font)              `symbols' in the math version `bold' on input line 124.
LaTeX Font Info:    Overwriting symbol font `symbols' in version `bold'
(Font)                  OMS/lmsy/b/n --> TU/latinmodern-math.otf(2)/b/n on inpu
t line 124.

Package fontspec Info: 
(fontspec)             latinmodern-math scale = 0.9999964596882403.


Package fontspec Info: 
(fontspec)             latinmodern-math scale = 0.9998964600422715.


Package fontspec Info: 
(fontspec)             latinmodern-math scale = 0.9999964596882403.


Package fontspec Info: 
(fontspec)             latinmodern-math scale = 0.9998964600422715.


Package fontspec Info: 
(fontspec)             latinmodern-math scale = 0.9999964596882403.


Package fontspec Info: 
(fontspec)             latinmodern-math scale = 0.9998964600422715.


Package fontspec Info: 
(fontspec)             latinmodern-math scale = 0.9999964596882403.


Package fontspec Info: 
(fontspec)             latinmodern-math scale = 0.9998964600422715.


Package fontspec Info: 
(fontspec)             latinmodern-math scale = 0.9999964596882403.


Package fontspec Info: 
(fontspec)             latinmodern-math scale = 0.9998964600422715.


Package fontspec Info: 
(fontspec)             Font family 'latinmodern-math.otf(3)' created for font
(fontspec)             'latinmodern-math.otf' with options
(fontspec)             [Scale=MatchLowercase,BoldItalicFont={},ItalicFont={},Sm
allCapsFont={},Script=Math,SizeFeatures={{Size=8.5-},{Size=6-8.5,Font=latinmode
rn-math.otf,Style=MathScript},{Size=-6,Font=latinmodern-math.otf,Style=MathScri
ptScript}},BoldFont={latinmodern-math.otf},ScaleAgain=0.9999,FontAdjustment={\f
ontdimen
(fontspec)             8\font =0.4pt\relax \fontdimen 9\font =2.0pt\relax
(fontspec)             \fontdimen 10\font =1.67pt\relax \fontdimen 11\font
(fontspec)             =1.11pt\relax \fontdimen 12\font =6.0pt\relax
(fontspec)             \fontdimen 13\font =0pt\relax }].
(fontspec)              
(fontspec)              This font family consists of the following NFSS
(fontspec)             series/shapes:
(fontspec)              
(fontspec)             - 'normal' (m/n) with NFSS spec.:
(fontspec)             <8.5->s*[0.9998964600422715]"[latinmodern-math.otf]/OT:s
cript=math;language=dflt;"<6-8.5>s*[0.9998964600422715]"[latinmodern-math.otf]/
OT:script=math;language=dflt;+ssty=0;"<-6>s*[0.9998964600422715]"[latinmodern-m
ath.otf]/OT:script=math;language=dflt;+ssty=1;"
(fontspec)             - 'bold' (b/n) with NFSS spec.:
(fontspec)             <->s*[0.9998964600422715]"[latinmodern-math.otf]/OT:scri
pt=math;language=dflt;"

LaTeX Font Info:    Encoding `OMX' has changed to `TU' for symbol font
(Font)              `largesymbols' in the math version `normal' on input line 1
24.
LaTeX Font Info:    Overwriting symbol font `largesymbols' in version `normal'
(Font)                  OMX/lmex/m/n --> TU/latinmodern-math.otf(3)/m/n on inpu
t line 124.
LaTeX Font Info:    Encoding `OMX' has changed to `TU' for symbol font
(Font)              `largesymbols' in the math version `bold' on input line 124
.
LaTeX Font Info:    Overwriting symbol font `largesymbols' in version `bold'
(Font)                  OMX/lmex/m/n --> TU/latinmodern-math.otf(3)/b/n on inpu
t line 124.
LaTeX Info: Redefining \microtypecontext on input line 124.
Package microtype Info: Applying patch `item' on input line 124.
Package microtype Info: Applying patch `toc' on input line 124.
Package microtype Info: Applying patch `eqnum' on input line 124.
Package microtype Info: Applying patch `footnote' on input line 124.
Package microtype Info: Applying patch `verbatim' on input line 124.
LaTeX Info: Redefining \microtypesetup on input line 124.
Package microtype Info: Character protrusion enabled (level 2).
Package microtype Info: Using protrusion set `basicmath'.
Package microtype Info: No adjustment of tracking.
Package microtype Info: No adjustment of spacing.
Package microtype Info: No adjustment of kerning.

(C:\Users\RDEL1VMM\AppData\Local\Programs\MiKTeX\tex/latex/microtype\mt-LatinMo
dernRoman.cfg
File: mt-LatinModernRoman.cfg 2026/02/26 v1.2 microtype config. file: Latin Mod
ern Roman (RS)
)
Package hyperref Info: Link coloring OFF on input line 124.

Package hyperref Warning: Rerun to get /PageLabels entry.

LaTeX Font Info:    Font shape `TU/latinmodern-math.otf(1)/m/n' will be
(Font)              scaled to size 12.0pt on input line 126.
LaTeX Font Info:    Font shape `TU/latinmodern-math.otf(1)/m/n' will be
(Font)              scaled to size 8.0pt on input line 126.
LaTeX Font Info:    Font shape `TU/latinmodern-math.otf(1)/m/n' will be
(Font)              scaled to size 6.0pt on input line 126.
LaTeX Font Info:    Trying to load font information for OML+lmm on input line 1
26.
(C:\Users\RDEL1VMM\AppData\Local\Programs\MiKTeX\tex/latex/lm\omllmm.fd
File: omllmm.fd 2015/05/01 v1.6.1 Font defs for Latin Modern
)
LaTeX Font Info:    Font shape `TU/latinmodern-math.otf(2)/m/n' will be
(Font)              scaled to size 12.0011pt on input line 126.
LaTeX Font Info:    Font shape `TU/latinmodern-math.otf(2)/m/n' will be
(Font)              scaled to size 8.00073pt on input line 126.
LaTeX Font Info:    Font shape `TU/latinmodern-math.otf(2)/m/n' will be
(Font)              scaled to size 6.00055pt on input line 126.
LaTeX Font Info:    Font shape `TU/latinmodern-math.otf(3)/m/n' will be
(Font)              scaled to size 11.99872pt on input line 126.
LaTeX Font Info:    Font shape `TU/latinmodern-math.otf(3)/m/n' will be
(Font)              scaled to size 7.99915pt on input line 126.
LaTeX Font Info:    Font shape `TU/latinmodern-math.otf(3)/m/n' will be
(Font)              scaled to size 5.99936pt on input line 126.
LaTeX Font Info:    Trying to load font information for U+msa on input line 126
.
(C:\Users\RDEL1VMM\AppData\Local\Programs\MiKTeX\tex/latex/amsfonts\umsa.fd
File: umsa.fd 2013/01/14 v3.01 AMS symbols A
)
(C:\Users\RDEL1VMM\AppData\Local\Programs\MiKTeX\tex/latex/microtype\mt-msa.cfg
File: mt-msa.cfg 2006/02/04 v1.1 microtype config. file: AMS symbols (a) (RS)
)
LaTeX Font Info:    Trying to load font information for U+msb on input line 126
.
(C:\Users\RDEL1VMM\AppData\Local\Programs\MiKTeX\tex/latex/amsfonts\umsb.fd
File: umsb.fd 2013/01/14 v3.01 AMS symbols B
)
(C:\Users\RDEL1VMM\AppData\Local\Programs\MiKTeX\tex/latex/microtype\mt-msb.cfg
File: mt-msb.cfg 2005/06/01 v1.0 microtype config. file: AMS symbols (b) (RS)
) [1


] [2

]
No file _main.toc.
\tf@toc=\write4
\openout4 = `_main.toc'.

[3] [4

] [5]
Underfull \hbox (badness 1968) in paragraph at lines 153--154
[]\TU/lmr/m/n/10 *For questions, feedback, guidance on implementation, or \TU/l
mr/bx/n/10 interest in
 []


Underfull \hbox (badness 1968) in paragraph at lines 153--154
\TU/lmr/bx/n/10 adding to the library\TU/lmr/m/n/10 , please contact \TU/lmr/bx
/n/10 Vanessa Quintana \TU/lmr/m/n/10 at []\TU/lmr/bx/n/10 ma-
 []

[6]
Chapter 1.
[7

]

Package natbib Warning: Citation `grimm_pattern-oriented_2005' on page 8 undefi
ned on input line 198.


Package natbib Warning: Citation `grimm_odd_2010' on page 8 undefined on input 
line 198.


Package natbib Warning: Citation `grimm_odd_2020' on page 8 undefined on input 
line 198.

[8]
Chapter 2.
[9

] [10] [11] [12

]
Chapter 3.
[13]
Overfull \hbox (207.18433pt too wide) has occurred while \output is active
\TU/lmr/m/n/10 14 \TU/lmr/m/sl/10 CHAPTER 3.  CO-DEVELOPMENT OF ABMS: PENOBSCOT
 ESTUARY COMMUNITY WORKSHOP AUGUST 6, 2025
 []

[14] [15]
Overfull \hbox (207.18433pt too wide) has occurred while \output is active
\TU/lmr/m/n/10 16 \TU/lmr/m/sl/10 CHAPTER 3.  CO-DEVELOPMENT OF ABMS: PENOBSCOT
 ESTUARY COMMUNITY WORKSHOP AUGUST 6, 2025
 []

[16] [17]
Overfull \hbox (207.18433pt too wide) has occurred while \output is active
\TU/lmr/m/n/10 18 \TU/lmr/m/sl/10 CHAPTER 3.  CO-DEVELOPMENT OF ABMS: PENOBSCOT
 ESTUARY COMMUNITY WORKSHOP AUGUST 6, 2025
 []

[18] [19]
Overfull \hbox (207.18433pt too wide) has occurred while \output is active
\TU/lmr/m/n/10 20 \TU/lmr/m/sl/10 CHAPTER 3.  CO-DEVELOPMENT OF ABMS: PENOBSCOT
 ESTUARY COMMUNITY WORKSHOP AUGUST 6, 2025
 []

[20]
Chapter 4.

Package natbib Warning: Citation `kleiber_body_1932' on page 21 undefined on in
put line 509.


Package natbib Warning: Citation `west_general_1997' on page 21 undefined on in
put line 509.


Package natbib Warning: Citation `brown_toward_2004' on page 21 undefined on in
put line 509.


Package natbib Warning: Citation `schmidt_nielsen_animal_1997' on page 21 undef
ined on input line 509.


Package natbib Warning: Citation `glazier_beyond_2005' on page 21 undefined on 
input line 509.


Package natbib Warning: Citation `glazier_relevance_2023' on page 21 undefined 
on input line 509.

[21

]
ignored error: Infinite glue shrinkage found in box being split [22]
Missing character: There is no ⁻ in font [lmroman10-regular]:mapping=tex-text;!
Missing character: There is no ⁻ in font [lmroman10-regular]:mapping=tex-text;!

Package natbib Warning: Citation `schmidt_nielsen_animal_1997' on page 23 undef
ined on input line 629.


Package natbib Warning: Citation `kleiber_body_1932' on page 23 undefined on in
put line 630.


Package natbib Warning: Citation `west_general_1997' on page 23 undefined on in
put line 630.


Package natbib Warning: Citation `glazier_beyond_2005' on page 23 undefined on 
input line 631.


Package natbib Warning: Citation `glazier_relevance_2023' on page 23 undefined 
on input line 631.

[23] [24]
LaTeX Font Info:    Font shape `TU/latinmodern-math.otf(1)/m/n' will be
(Font)              scaled to size 7.0pt on input line 694.
LaTeX Font Info:    Font shape `TU/latinmodern-math.otf(1)/m/n' will be
(Font)              scaled to size 5.0pt on input line 694.
LaTeX Font Info:    Font shape `TU/latinmodern-math.otf(2)/m/n' will be
(Font)              scaled to size 10.00092pt on input line 694.
LaTeX Font Info:    Font shape `TU/latinmodern-math.otf(2)/m/n' will be
(Font)              scaled to size 7.00064pt on input line 694.
LaTeX Font Info:    Font shape `TU/latinmodern-math.otf(2)/m/n' will be
(Font)              scaled to size 5.00046pt on input line 694.
LaTeX Font Info:    Font shape `TU/latinmodern-math.otf(3)/m/n' will be
(Font)              scaled to size 9.99893pt on input line 694.
LaTeX Font Info:    Font shape `TU/latinmodern-math.otf(3)/m/n' will be
(Font)              scaled to size 6.99925pt on input line 694.
LaTeX Font Info:    Font shape `TU/latinmodern-math.otf(3)/m/n' will be
(Font)              scaled to size 4.99947pt on input line 694.

Overfull \hbox (27.22122pt too wide) detected at line 696
[][][][] [] [][] [][] [] []  []
 []

Missing character: There is no ⁻ in font [lmroman10-regular]:mapping=tex-text;!
Missing character: There is no ⁻ in font [lmroman10-regular]:mapping=tex-text;!
Missing character: There is no ⁻ in font [lmroman10-regular]:mapping=tex-text;!
[25]
Missing character: There is no ⁻ in font [lmroman10-regular]:mapping=tex-text;!
Missing character: There is no ⁻ in font [lmroman10-regular]:mapping=tex-text;!
Missing character: There is no ⁻ in font [lmroman10-regular]:mapping=tex-text;!
Missing character: There is no ⁻ in font [lmroman10-regular]:mapping=tex-text;!

Package natbib Warning: Citation `kleiber_body_1932' on page 26 undefined on in
put line 783.


Package natbib Warning: Citation `west_general_1997' on page 26 undefined on in
put line 783.


Package natbib Warning: Citation `brown_toward_2004' on page 26 undefined on in
put line 783.


Package natbib Warning: Citation `schmidt_nielsen_animal_1997' on page 26 undef
ined on input line 810.


Package natbib Warning: Citation `brown_toward_2004' on page 26 undefined on in
put line 810.

[26]

Package natbib Warning: Citation `glazier_beyond_2005' on page 27 undefined on 
input line 837.


Package natbib Warning: Citation `glazier_relevance_2023' on page 27 undefined 
on input line 837.


Package natbib Warning: Citation `brown_toward_2004' on page 27 undefined on in
put line 859.

Missing character: There is no ⁻ in font [lmroman10-regular]:mapping=tex-text;!
Missing character: There is no ⁻ in font [lmroman10-regular]:mapping=tex-text;!
[27]
Missing character: There is no ⁻ in font [lmroman10-regular]:mapping=tex-text;!

Underfull \hbox (badness 10000) in paragraph at lines 914--916

 []


Underfull \hbox (badness 10000) in paragraph at lines 916--918

 []

Missing character: There is no ⁻ in font [lmroman10-regular]:mapping=tex-text;!
Missing character: There is no ⁻ in font [lmroman10-regular]:mapping=tex-text;!
[28] [29]
Underfull \vbox (badness 10000) detected at line 1103
 []


Underfull \vbox (badness 10000) detected at line 1103
 []

[30]
Underfull \vbox (badness 10000) detected at line 1103
 []


Underfull \vbox (badness 10000) detected at line 1103
 []

[31] [32]
Chapter 5.

Package natbib Warning: Citation `volkoff_effects_2020' on page 33 undefined on
 input line 1109.


Package natbib Warning: Citation `fu_behavioural_2009' on page 33 undefined on 
input line 1109.


Underfull \vbox (badness 10000) has occurred while \output is active []

[33

]
ignored error: Infinite glue shrinkage found in box being split [34]
Missing character: There is no ⁻ in font [lmroman10-regular]:mapping=tex-text;!
Missing character: There is no ⁻ in font [lmroman10-regular]:mapping=tex-text;!

Package natbib Warning: Citation `brown_toward_2004' on page 35 undefined on in
put line 1219.


Package natbib Warning: Citation `trudel_bioenergetics_2006' on page 35 undefin
ed on input line 1222.

[35] [36]
Missing character: There is no ⁻ in font [lmroman10-regular]:mapping=tex-text;!
Missing character: There is no ⁻ in font [lmroman10-regular]:mapping=tex-text;!
Missing character: There is no ⁻ in font [lmroman10-regular]:mapping=tex-text;!
[37]

Package natbib Warning: Citation `araujo_energetic_2013' on page 38 undefined o
n input line 1434.


Package natbib Warning: Citation `zenga_assessing_2020' on page 38 undefined on
 input line 1434.

[38] [39]
Overfull \vbox (2.27998pt too high) detected at line 1551
 []

[40] [41] [42

]
Chapter 6.

Package natbib Warning: Citation `evans_osmotic_2008' on page 43 undefined on i
nput line 1557.

[43]

Package longtable Warning: Column widths have changed
(longtable)                in table 6.1 on input line 1585.

[44]

Package natbib Warning: Citation `evans_osmotic_2008' on page 45 undefined on i
nput line 1659.


Package natbib Warning: Citation `allen_mechanisms_2009' on page 45 undefined o
n input line 1661.


Package natbib Warning: Citation `little_metabolic_2023' on page 45 undefined o
n input line 1662.

Missing character: There is no ⁻ in font [lmroman10-regular]:mapping=tex-text;!
[45]
Overfull \hbox (2.58067pt too wide) in paragraph at lines 1714--1715
 []\TU/lmr/m/n/10 Variable 
 []


Overfull \hbox (2.27467pt too wide) in paragraph at lines 1736--1736
 []|$[][][][]$| 
 []

[46]
Overfull \hbox (6.49957pt too wide) detected at line 1778
[][] [] [][] [] [][][][] [][] [] [][] []
 []


Package natbib Warning: Citation `evans_osmotic_2008' on page 47 undefined on i
nput line 1792.


Package natbib Warning: Citation `evans_osmotic_2008' on page 47 undefined on i
nput line 1812.

[47]
Missing character: There is no ⁻ in font [lmroman10-regular]:mapping=tex-text;!
Missing character: There is no ⁻ in font [lmroman10-regular]:mapping=tex-text;!
[48]

Package natbib Warning: Citation `kleiber_body_1932' on page 49 undefined on in
put line 1998.


Package natbib Warning: Citation `west_general_1997' on page 49 undefined on in
put line 1998.


Package natbib Warning: Citation `brown_toward_2004' on page 49 undefined on in
put line 1998.


Package natbib Warning: Citation `schmidt_nielsen_animal_1997' on page 49 undef
ined on input line 1999.

[49]
Missing character: There is no ⁻ in font [lmroman10-regular]:mapping=tex-text;!
Missing character: There is no ⁻ in font [lmroman10-regular]:mapping=tex-text;!
Missing character: There is no ⁻ in font [lmroman10-regular]:mapping=tex-text;!
Missing character: There is no ⁻ in font [lmroman10-regular]:mapping=tex-text;!
[50] [51]
Underfull \vbox (badness 10000) detected at line 2278
 []


Underfull \vbox (badness 10000) detected at line 2278
 []

[52] [53]
Underfull \vbox (badness 10000) detected at line 2278
 []


Underfull \vbox (badness 10000) detected at line 2278
 []

[54] [55] [56

]
Chapter 7.

Package natbib Warning: Citation `zydlewski_photoperiod_2014' on page 57 undefi
ned on input line 2284.


Package natbib Warning: Citation `garcia-vega_upstream_2022' on page 57 undefin
ed on input line 2284.

[57]
Underfull \vbox (badness 1194) has occurred while \output is active []

[58]
Underfull \hbox (badness 10000) in paragraph at lines 2379--2381

 []


Underfull \hbox (badness 10000) in paragraph at lines 2381--2383

 []


Underfull \hbox (badness 10000) in paragraph at lines 2383--2385

 []


Underfull \hbox (badness 10000) in paragraph at lines 2385--2387

 []


Package natbib Warning: Citation `zydlewski_photoperiod_2014' on page 59 undefi
ned on input line 2413.


Package natbib Warning: Citation `garcia-vega_upstream_2022' on page 59 undefin
ed on input line 2413.


Package natbib Warning: Citation `jonsson_environmental_1991' on page 59 undefi
ned on input line 2414.

[59]

Package natbib Warning: Citation `dingle_2014_migration' on page 60 undefined o
n input line 2417.

[60]

Package natbib Warning: Citation `dingle_2014_migration' on page 61 undefined o
n input line 2527.

[61] [62]
Underfull \vbox (badness 10000) detected at line 2692
 []


Underfull \vbox (badness 10000) detected at line 2692
 []

[63] [64]
Chapter 8.

Package natbib Warning: Citation `hall_food_1997' on page 65 undefined on input
 line 2698.


Package natbib Warning: Citation `evans_fish_1987' on page 65 undefined on inpu
t line 2698.


Package natbib Warning: Citation `trudel_bioenergetics_2006' on page 65 undefin
ed on input line 2698.


Underfull \hbox (badness 10000) in paragraph at lines 2708--2710

 []


Underfull \vbox (badness 10000) has occurred while \output is active []

[65

]

Package natbib Warning: Citation `noaa_national_oceanic_and_atmospheric_adminis
tration_sediment_1990' on page 66 undefined on input line 2729.


Package natbib Warning: Citation `gaudet_canadian_1995' on page 66 undefined on
 input line 2729.


Package natbib Warning: Citation `noaa_national_oceanic_and_atmospheric_adminis
tration_sediment_1990' on page 66 undefined on input line 2730.


Package natbib Warning: Citation `gaudet_canadian_1995' on page 66 undefined on
 input line 2730.

[66]
Missing character: There is no ⁻ in font [lmroman10-regular]:mapping=tex-text;!
Missing character: There is no ⁻ in font [lmroman10-regular]:mapping=tex-text;!
Missing character: There is no ⁻ in font [lmroman10-regular]:mapping=tex-text;!

Package natbib Warning: Citation `wang_bioaccumulation_2003' on page 67 undefin
ed on input line 2818.


Package natbib Warning: Citation `trudel_bioenergetics_2006' on page 67 undefin
ed on input line 2819.


Underfull \vbox (badness 3049) has occurred while \output is active []

[67]
Underfull \vbox (badness 2913) has occurred while \output is active []

[68]
Missing character: There is no ⁻ in font [lmroman10-regular]:mapping=tex-text;!
Missing character: There is no ⁻ in font [lmroman10-regular]:mapping=tex-text;!
Missing character: There is no ⁻ in font [lmroman10-regular]:mapping=tex-text;!
Missing character: There is no ⁻ in font [lmroman10-regular]:mapping=tex-text;!
Missing character: There is no ⁻ in font [lmroman10-regular]:mapping=tex-text;!

Package natbib Warning: Citation `noaa_national_oceanic_and_atmospheric_adminis
tration_sediment_1990' on page 69 undefined on input line 2920.


Overfull \hbox (4.98157pt too wide) detected at line 2931
[][][][][] [] [][][][] [] [][][][][] [] [][] [] [][][] [] [][] [] [][][][] []
 []

[69] [70] [71]
Underfull \vbox (badness 10000) detected at line 3209
 []


Underfull \vbox (badness 10000) detected at line 3209
 []

[72]
Underfull \vbox (badness 10000) detected at line 3209
 []


Underfull \vbox (badness 10000) detected at line 3209
 []

[73]
Underfull \vbox (badness 10000) detected at line 3209
 []


Underfull \vbox (badness 10000) detected at line 3209
 []

[74] [75] [76

]
Chapter 9.

Package natbib Warning: Citation `townsend_application_1985' on page 77 undefin
ed on input line 3215.


Package natbib Warning: Citation `norin_metabolic_2018' on page 77 undefined on
 input line 3215.


Package natbib Warning: Citation `kjelland_integrated_2015' on page 77 undefine
d on input line 3217.


Package natbib Warning: Citation `kjelland_review_2015' on page 77 undefined on
 input line 3217.


Package natbib Warning: Citation `lavoie_biomagnification_2013' on page 77 unde
fined on input line 3217.

[77]
Missing character: There is no ≈ in font [lmroman10-regular]:mapping=tex-text;!
Missing character: There is no ≈ in font [lmroman10-regular]:mapping=tex-text;!
ignored error: Infinite glue shrinkage found in box being split [78]
ignored error: Infinite glue shrinkage found in box being split [79]

Package natbib Warning: Citation `hirzel_habitat_2008' on page 80 undefined on 
input line 3346.


Package natbib Warning: Citation `townsend_application_1985' on page 80 undefin
ed on input line 3352.


Package natbib Warning: Citation `kjelland_integrated_2015' on page 80 undefine
d on input line 3354.


Package natbib Warning: Citation `lavoie_biomagnification_2013' on page 80 unde
fined on input line 3367.


Package natbib Warning: Citation `janssen_feeding_1980' on page 80 undefined on
 input line 3377.


Package natbib Warning: Citation `norin_metabolic_2018' on page 80 undefined on
 input line 3379.


Package natbib Warning: Citation `kjelland_integrated_2015' on page 80 undefine
d on input line 3381.


Package natbib Warning: Citation `kjelland_review_2015' on page 80 undefined on
 input line 3381.


Package natbib Warning: Citation `lavoie_biomagnification_2013' on page 80 unde
fined on input line 3381.


Underfull \vbox (badness 10000) has occurred while \output is active []

[80]

Package natbib Warning: Citation `kjelland_integrated_2015' on page 81 undefine
d on input line 3402.


Package natbib Warning: Citation `norin_metabolic_2018' on page 81 undefined on
 input line 3440.


Underfull \vbox (badness 2913) has occurred while \output is active []

[81]
Missing character: There is no ⁻ in font [lmroman10-regular]:mapping=tex-text;!
Missing character: There is no ⁻ in font [lmroman10-regular]:mapping=tex-text;!

Package natbib Warning: Citation `hirzel_habitat_2008' on page 82 undefined on 
input line 3465.

[82]
Missing character: There is no ⁻ in font [lmroman10-regular]:mapping=tex-text;!
Missing character: There is no ⁻ in font [lmroman10-regular]:mapping=tex-text;!
Missing character: There is no ⁻ in font [lmroman10-regular]:mapping=tex-text;!
[83]

Package natbib Warning: Citation `lavoie_biomagnification_2013' on page 84 unde
fined on input line 3606.

Missing character: There is no ⁻ in font [lmroman10-regular]:mapping=tex-text;!
[84]
Missing character: There is no ≈ in font [lmmono10-regular]:!
Missing character: There is no ≈ in font [lmmono10-regular]:!
Missing character: There is no ≈ in font [lmmono10-regular]:!

Underfull \vbox (badness 1418) detected at line 3802
 []


Underfull \vbox (badness 10000) has occurred while \output is active []

[85]
Underfull \vbox (badness 10000) detected at line 3802
 []


Underfull \vbox (badness 10000) detected at line 3802
 []

[86]

Package natbib Warning: Citation `simpkins_physiological_2003' on page 87 undef
ined on input line 3806.


Package natbib Warning: Citation `bordeleau_nutritional_2019' on page 87 undefi
ned on input line 3806.

[87] [88]
Missing character: There is no ⁻ in font [lmroman10-regular]:mapping=tex-text;!
Missing character: There is no ⁻ in font [lmroman10-regular]:mapping=tex-text;!
[89]

Package natbib Warning: Citation `simpkins_physiological_2003' on page 90 undef
ined on input line 3906.


Package natbib Warning: Citation `bordeleau_nutritional_2019' on page 90 undefi
ned on input line 3908.

ignored error: Infinite glue shrinkage found in box being split [90] [91] [92]
Underfull \vbox (badness 1418) detected at line 4191
 []


Overfull \vbox (0.20297pt too high) detected at line 4191
 []

[93] [94]
Chapter 10.

Package natbib Warning: Citation `brown_toward_2004' on page 95 undefined on in
put line 4197.


Package natbib Warning: Citation `gibson_selective_2001' on page 95 undefined o
n input line 4197.


Underfull \vbox (badness 5105) has occurred while \output is active []

[95

]
ignored error: Infinite glue shrinkage found in box being split [96]
ignored error: Infinite glue shrinkage found in box being split [97]
Missing character: There is no ⁻ in font [lmroman10-regular]:mapping=tex-text;!
Missing character: There is no ⁻ in font [lmroman10-regular]:mapping=tex-text;!
Missing character: There is no ⁻ in font [lmroman10-regular]:mapping=tex-text;!

Package natbib Warning: Citation `brown_toward_2004' on page 98 undefined on in
put line 4373.


Package natbib Warning: Citation `gibson_selective_2001' on page 98 undefined o
n input line 4373.

Missing character: There is no ⁻ in font [lmroman10-regular]:mapping=tex-text;!
[98]
Missing character: There is no ⁻ in font [lmroman10-regular]:mapping=tex-text;!
Missing character: There is no ⁻ in font [lmroman10-regular]:mapping=tex-text;!
[99]
Missing character: There is no ⁻ in font [lmroman10-regular]:mapping=tex-text;!
Missing character: There is no ⁻ in font [lmroman10-regular]:mapping=tex-text;!
Missing character: There is no ⁻ in font [lmroman10-regular]:mapping=tex-text;!
Missing character: There is no ⁻ in font [lmroman10-regular]:mapping=tex-text;!
Missing character: There is no ⁻ in font [lmroman10-regular]:mapping=tex-text;!
Missing character: There is no ⁻ in font [lmroman10-regular]:mapping=tex-text;!
Missing character: There is no ⁻ in font [lmroman10-regular]:mapping=tex-text;!
Missing character: There is no ⁻ in font [lmroman10-regular]:mapping=tex-text;!
[100]
Missing character: There is no ⁻ in font [lmroman10-regular]:mapping=tex-text;!
[101]
Missing character: There is no ⁻ in font [lmroman10-regular]:mapping=tex-text;!
[102]
Underfull \vbox (badness 10000) detected at line 5000
 []


Underfull \vbox (badness 10000) detected at line 5000
 []

[103]
Underfull \vbox (badness 10000) detected at line 5000
 []


Underfull \vbox (badness 10000) detected at line 5000
 []

[104]
Underfull \vbox (badness 10000) detected at line 5000
 []


Underfull \vbox (badness 10000) detected at line 5000
 []

[105]
Underfull \vbox (badness 10000) detected at line 5000
 []


Underfull \vbox (badness 10000) detected at line 5000
 []

[106]
Underfull \vbox (badness 10000) detected at line 5000
 []


Underfull \vbox (badness 10000) detected at line 5000
 []

[107] [108]
Chapter 11.

Package natbib Warning: Citation `brown_toward_2004' on page 109 undefined on i
nput line 5011.


Package natbib Warning: Citation `gibson_selective_2001' on page 109 undefined 
on input line 5011.


Underfull \vbox (badness 10000) has occurred while \output is active []

[109

]

Package longtable Warning: Column widths have changed
(longtable)                in table 11.2 on input line 5064.


Package longtable Warning: Column widths have changed
(longtable)                in table 11.3 on input line 5085.

[110] [111]
Missing character: There is no ⁻ in font [lmroman10-regular]:mapping=tex-text;!
Missing character: There is no ⁻ in font [lmroman10-regular]:mapping=tex-text;!
Missing character: There is no ⁻ in font [lmroman10-regular]:mapping=tex-text;!

Package natbib Warning: Citation `brown_toward_2004' on page 112 undefined on i
nput line 5177.


Package natbib Warning: Citation `gibson_selective_2001' on page 112 undefined 
on input line 5177.

[112]
Missing character: There is no ⁻ in font [lmroman10-regular]:mapping=tex-text;!
Missing character: There is no ⁻ in font [lmroman10-regular]:mapping=tex-text;!
Missing character: There is no ⁻ in font [lmroman10-regular]:mapping=tex-text;!
Missing character: There is no ⁻ in font [lmroman10-regular]:mapping=tex-text;!
Missing character: There is no ⁻ in font [lmroman10-regular]:mapping=tex-text;!
Missing character: There is no ⁻ in font [lmroman10-regular]:mapping=tex-text;!
Missing character: There is no ⁻ in font [lmroman10-regular]:mapping=tex-text;!
Missing character: There is no ⁻ in font [lmroman10-regular]:mapping=tex-text;!
[113]
Missing character: There is no ⁻ in font [lmroman10-regular]:mapping=tex-text;!
Missing character: There is no ⁻ in font [lmroman10-regular]:mapping=tex-text;!
Missing character: There is no ⁻ in font [lmroman10-regular]:mapping=tex-text;!
[114]
Missing character: There is no ⁻ in font [lmroman10-regular]:mapping=tex-text;!
[115] [116]
Overfull \vbox (2.28998pt too high) detected at line 5752
 []

[117]
Underfull \vbox (badness 10000) detected at line 5752
 []


Underfull \vbox (badness 10000) detected at line 5752
 []

[118]
Overfull \vbox (2.21999pt too high) detected at line 5752
 []

[119]
Underfull \vbox (badness 10000) detected at line 5752
 []


Underfull \vbox (badness 10000) detected at line 5752
 []

[120] [121] [122

]
Chapter 12.

Package natbib Warning: Citation `dobon_netlogo_2018' on page 123 undefined on 
input line 5758.


Package natbib Warning: Citation `reynolds_flocks_1987' on page 123 undefined o
n input line 5758.


Package natbib Warning: Citation `reynolds_flocks_1987' on page 123 undefined o
n input line 5760.

[123]

Package longtable Warning: Column widths have changed
(longtable)                in table 12.1 on input line 5783.

Missing character: There is no ⁻ in font [lmroman10-regular]:mapping=tex-text;!

Package natbib Warning: Citation `dobon_netlogo_2018' on page 124 undefined on 
input line 5836.

[124]
Underfull \vbox (badness 1742) has occurred while \output is active []

[125]
Underfull \hbox (badness 10000) in paragraph at lines 5923--5925

 []

[126]
Overfull \vbox (2.27998pt too high) detected at line 6069
 []

[127]
Underfull \vbox (badness 10000) detected at line 6069
 []


Underfull \vbox (badness 10000) detected at line 6069
 []

[128] [129] [130

]
Chapter 13.

Package natbib Warning: Citation `ForwardTankersley2001' on page 131 undefined 
on input line 6077.


Package natbib Warning: Citation `Gibson2001STST' on page 131 undefined on inpu
t line 6077.


Underfull \vbox (badness 1430) has occurred while \output is active []

[131]

Package longtable Warning: Column widths have changed
(longtable)                in table 13.3 on input line 6145.

ignored error: Infinite glue shrinkage found in box being split [132]

Package natbib Warning: Citation `ForwardTankersley2001' on page 133 undefined 
on input line 6168.


Package natbib Warning: Citation `Gibson2001STST' on page 133 undefined on inpu
t line 6168.

ignored error: Infinite glue shrinkage found in box being split [133]
Missing character: There is no ⁻ in font [lmroman10-regular]:mapping=tex-text;!
Missing character: There is no ⁻ in font [lmroman10-regular]:mapping=tex-text;!
Missing character: There is no ⁻ in font [lmroman10-regular]:mapping=tex-text;!
Missing character: There is no ⁻ in font [lmroman10-regular]:mapping=tex-text;!
Missing character: There is no ⁻ in font [lmroman10-regular]:mapping=tex-text;!
[134]
Missing character: There is no ⁻ in font [lmroman10-regular]:mapping=tex-text;!
Missing character: There is no ⁻ in font [lmroman10-regular]:mapping=tex-text;!
Missing character: There is no ⁻ in font [lmroman10-regular]:mapping=tex-text;!
[135]
Missing character: There is no ⁻ in font [lmroman10-regular]:mapping=tex-text;!
Missing character: There is no ⁻ in font [lmroman10-regular]:mapping=tex-text;!
[136]
Underfull \vbox (badness 10000) detected at line 6487
 []


Underfull \vbox (badness 10000) detected at line 6487
 []

[137]
Underfull \vbox (badness 10000) detected at line 6487
 []


Underfull \vbox (badness 10000) detected at line 6487
 []

[138] [139] [140

]
Chapter 14.

Package natbib Warning: Citation `dobon_netlogo_2018' on page 141 undefined on 
input line 6495.


Package natbib Warning: Citation `northfield_spatial_2017' on page 141 undefine
d on input line 6495.


Package natbib Warning: Citation `diz-pita_predatorprey_2021' on page 141 undef
ined on input line 6495.


Underfull \vbox (badness 10000) has occurred while \output is active []

[141]
ignored error: Infinite glue shrinkage found in box being split [142]
ignored error: Infinite glue shrinkage found in box being split [143]

Package natbib Warning: Citation `dobon_netlogo_2018' on page 144 undefined on 
input line 6641.


Package natbib Warning: Citation `dobon_netlogo_2018' on page 144 undefined on 
input line 6647.

[144]
ignored error: Infinite glue shrinkage found in box being split [145]
Overfull \hbox (7.37956pt too wide) detected at line 6720
[] [][][][][][][][] [] [][][][][] [][]   []   [][] [] []   []   [][][][][][][][
] [] [] []
 []


Overfull \hbox (15.45956pt too wide) detected at line 6738
[][] [][][][][][][][] [] [][][][][] [][]   []   [][] [] []   []   [][][][][][][
][] [] [] []
 []

[146]
Missing character: There is no ⁻ in font [lmroman10-regular]:mapping=tex-text;!
Missing character: There is no ⁻ in font [lmroman10-regular]:mapping=tex-text;!
Missing character: There is no ⁻ in font [lmroman10-regular]:mapping=tex-text;!
[147] [148]
Missing character: There is no ⁻ in font [lmroman10-regular]:mapping=tex-text;!
Missing character: There is no ⁻ in font [lmroman10-regular]:mapping=tex-text;!

Overfull \hbox (34.91965pt too wide) detected at line 6977
[][] [] [][] [] [] [] [][][] [] [][][] [] [][]  []  [][][][][][][][][][][][] []
 [][] []
 []

[149]
Missing character: There is no ⁻ in font [lmroman10-regular]:mapping=tex-text;!
[150]
Missing character: There is no ⁻ in font [lmroman10-regular]:mapping=tex-text;!

Overfull \hbox (37.91965pt too wide) detected at line 7163
[][] [] [][] [] [] [] [][][] [] [][][] [] [][]  []  [][][][][][][][][][][][] []
 [][] []
 []

[151]
Missing character: There is no ⁻ in font [lmroman10-regular]:mapping=tex-text;!
[152]
Missing character: There is no ⁻ in font [lmroman10-regular]:mapping=tex-text;!
[153] [154]
Overfull \hbox (41.24657pt too wide) detected at line 7478
[][][][][][][][][][][][][][][][][][][][][][] [] [][][][][][][][][][][][][][][][
][][][][][][] [] [][][][][] []
 []

[155]
Overfull \hbox (33.85956pt too wide) detected at line 7543
[][] [] [][] [][][][][][][][][][][][][][][][][][][][][][] []
 []

[156]
Chapter 15.

Overfull \hbox (3.97311pt too wide) in paragraph at lines 7599--7600
[]|\TU/lmtt/m/n/10 osmoregulation|  
 []

[157

]
Overfull \hbox (13.52673pt too wide) has occurred while \output is active
\TU/lmr/m/n/10 158 \TU/lmr/m/sl/10 CHAPTER 15.  MODEL BUILDING TUTORIAL: STAGIN
G & SCHOOLING
 []

[158]
Chapter 16.

Overfull \hbox (33.0pt too wide) in paragraph at lines 7659--7660
[]|\TU/lmtt/m/n/10 environmental-sensing|  
 []

ignored error: Infinite glue shrinkage found in box being split [159

]
Overfull \hbox (233.25235pt too wide) has occurred while \output is active
\TU/lmr/m/n/10 160 \TU/lmr/m/sl/10 CHAPTER 16.  MODEL BUILDING TUTORIAL: LANDWA
RD MIGRATION & SELECTIVE TIDAL STREAM TRANSPORT
 []

[160]
Chapter 17.
[161

]
Overfull \hbox (59.78564pt too wide) has occurred while \output is active
\TU/lmr/m/n/10 162 \TU/lmr/m/sl/10 CHAPTER 17.  COMPLEX MODEL BUILDING TUTORIAL
: ONE-WAY MIGRATION
 []

[162

]
Chapter 18.

Overfull \hbox (38.25pt too wide) in paragraph at lines 7738--7738
[]\TU/lmtt/m/n/10 -    Railsback & Grimm (2019) *Agent-Based and Individual-Bas
ed Modeling*[] 
 []


Overfull \hbox (17.25pt too wide) in paragraph at lines 7738--7738
[]\TU/lmtt/m/n/10 -    Grimm & Railsback (2005) *Individual-Based Modeling and 
Ecology*[] 
 []

[163] [164] [165

] [166

]
Underfull \hbox (badness 2735) in paragraph at lines 7801--7802
\TU/lmr/m/n/10 A biological scaling relationship where physiological processes 
such as
 []

[167] [168] [169] [170] [171] [172]
No file _main.bbl.

Package natbib Warning: There were undefined citations.


Package longtable Warning: Table widths have changed. Rerun LaTeX.

[173] (_main.aux)
 ***********
LaTeX2e <2025-11-01>
L3 programming layer <2025-12-24>
 ***********

LaTeX Warning: Label(s) may have changed. Rerun to get cross-references right.

 ) 
Here is how much of TeX's memory you used:
 19747 strings out of 402987
 353695 string characters out of 5447903
 965947 words of memory out of 5000000
 48226 multiletter control sequences out of 15000+600000
 634196 words of font info for 96 fonts, out of 8000000 for 9000
 1348 hyphenation exceptions out of 8191
 90i,9n,114p,1207b,498s stack positions out of 10000i,1000n,20000p,200000b,200000s

Output written on _main.pdf (173 pages).
